Archive member included to satisfy reference by file (symbol)

c:/program files/microchip/xc8/v2.36/avr/bin/../lib/gcc/avr/5.4.0/avr4/memx-const\libgcc.a(_copy_data.o)
                              main.o (__do_copy_data)
c:/program files/microchip/xc8/v2.36/avr/bin/../lib/gcc/avr/5.4.0/../../../../avr/lib/avr4/memx-const\libc.a(exit.o)
                              C:/Program Files/Microchip/xc8/v2.36/dfp/xc8/avr/lib/avr4/memx-const/crtatmega8a.o (exit)
c:/program files/microchip/xc8/v2.36/avr/bin/../lib/gcc/avr/5.4.0/../../../../avr/lib/avr4/memx-const\libc.a(_Exit.o)
                              c:/program files/microchip/xc8/v2.36/avr/bin/../lib/gcc/avr/5.4.0/../../../../avr/lib/avr4/memx-const\libc.a(exit.o) (_Exit)
c:/program files/microchip/xc8/v2.36/avr/bin/../lib/gcc/avr/5.4.0/avr4/memx-const\libgcc.a(_exit.o)
                              c:/program files/microchip/xc8/v2.36/avr/bin/../lib/gcc/avr/5.4.0/../../../../avr/lib/avr4/memx-const\libc.a(_Exit.o) (_exit)

Allocating common symbols
Common symbol       size              file

OledLineNum         0x1               SSD1306.o
OledCursorPos       0x1               SSD1306.o
Minuts              0x1               main.o
Buffer              0xa5              main.o
Seconds             0x1               main.o

Discarded input sections

 .data          0x0000000000000000        0x0 C:/Program Files/Microchip/xc8/v2.36/dfp/xc8/avr/lib/avr4/memx-const/crtatmega8a.o
 .bss           0x0000000000000000        0x0 C:/Program Files/Microchip/xc8/v2.36/dfp/xc8/avr/lib/avr4/memx-const/crtatmega8a.o
 .text          0x0000000000000000        0x0 i2c.o
 .data          0x0000000000000000        0x0 i2c.o
 .bss           0x0000000000000000        0x0 i2c.o
 .text.i2c_timeout
                0x0000000000000000       0x1c i2c.o
 .text.i2c_rx_byte
                0x0000000000000000       0x28 i2c.o
 .text          0x0000000000000000        0x0 main.o
 .data          0x0000000000000000        0x0 main.o
 .bss           0x0000000000000000        0x0 main.o
 .text          0x0000000000000000        0x0 SSD1306.o
 .data          0x0000000000000000        0x0 SSD1306.o
 .bss           0x0000000000000000        0x0 SSD1306.o
 .text.OLED_GoToLine
                0x0000000000000000        0xe SSD1306.o
 .text.OLED_GoToNextLine
                0x0000000000000000       0x12 SSD1306.o
 .text.OLED_DisplayLogo
                0x0000000000000000       0x50 SSD1306.o
 .text.OLED_VerticalGraph
                0x0000000000000000       0x9e SSD1306.o
 .text.OLED_HorizontalGraph
                0x0000000000000000       0x56 SSD1306.o
 .text.OLED_EnableInversion
                0x0000000000000000        0x6 SSD1306.o
 .text.OLED_DisableInversion
                0x0000000000000000        0x6 SSD1306.o
 .text.OLED_SetBrightness
                0x0000000000000000       0x10 SSD1306.o
 .text          0x0000000000000000        0x0 c:/program files/microchip/xc8/v2.36/avr/bin/../lib/gcc/avr/5.4.0/avr4/memx-const\libgcc.a(_copy_data.o)
 .data          0x0000000000000000        0x0 c:/program files/microchip/xc8/v2.36/avr/bin/../lib/gcc/avr/5.4.0/avr4/memx-const\libgcc.a(_copy_data.o)
 .bss           0x0000000000000000        0x0 c:/program files/microchip/xc8/v2.36/avr/bin/../lib/gcc/avr/5.4.0/avr4/memx-const\libgcc.a(_copy_data.o)
 .text.libgcc.mul
                0x0000000000000000        0x0 c:/program files/microchip/xc8/v2.36/avr/bin/../lib/gcc/avr/5.4.0/avr4/memx-const\libgcc.a(_copy_data.o)
 .text.libgcc.div
                0x0000000000000000        0x0 c:/program files/microchip/xc8/v2.36/avr/bin/../lib/gcc/avr/5.4.0/avr4/memx-const\libgcc.a(_copy_data.o)
 .text.libgcc   0x0000000000000000        0x0 c:/program files/microchip/xc8/v2.36/avr/bin/../lib/gcc/avr/5.4.0/avr4/memx-const\libgcc.a(_copy_data.o)
 .text.libgcc.prologue
                0x0000000000000000        0x0 c:/program files/microchip/xc8/v2.36/avr/bin/../lib/gcc/avr/5.4.0/avr4/memx-const\libgcc.a(_copy_data.o)
 .text.libgcc.builtins
                0x0000000000000000        0x0 c:/program files/microchip/xc8/v2.36/avr/bin/../lib/gcc/avr/5.4.0/avr4/memx-const\libgcc.a(_copy_data.o)
 .text.libgcc.fmul
                0x0000000000000000        0x0 c:/program files/microchip/xc8/v2.36/avr/bin/../lib/gcc/avr/5.4.0/avr4/memx-const\libgcc.a(_copy_data.o)
 .text.libgcc.fixed
                0x0000000000000000        0x0 c:/program files/microchip/xc8/v2.36/avr/bin/../lib/gcc/avr/5.4.0/avr4/memx-const\libgcc.a(_copy_data.o)
 .text          0x0000000000000000        0x0 c:/program files/microchip/xc8/v2.36/avr/bin/../lib/gcc/avr/5.4.0/../../../../avr/lib/avr4/memx-const\libc.a(exit.o)
 .data          0x0000000000000000        0x0 c:/program files/microchip/xc8/v2.36/avr/bin/../lib/gcc/avr/5.4.0/../../../../avr/lib/avr4/memx-const\libc.a(exit.o)
 .bss           0x0000000000000000        0x0 c:/program files/microchip/xc8/v2.36/avr/bin/../lib/gcc/avr/5.4.0/../../../../avr/lib/avr4/memx-const\libc.a(exit.o)
 .text          0x0000000000000000        0x0 c:/program files/microchip/xc8/v2.36/avr/bin/../lib/gcc/avr/5.4.0/../../../../avr/lib/avr4/memx-const\libc.a(_Exit.o)
 .data          0x0000000000000000        0x0 c:/program files/microchip/xc8/v2.36/avr/bin/../lib/gcc/avr/5.4.0/../../../../avr/lib/avr4/memx-const\libc.a(_Exit.o)
 .bss           0x0000000000000000        0x0 c:/program files/microchip/xc8/v2.36/avr/bin/../lib/gcc/avr/5.4.0/../../../../avr/lib/avr4/memx-const\libc.a(_Exit.o)
 .text          0x0000000000000000        0x0 c:/program files/microchip/xc8/v2.36/avr/bin/../lib/gcc/avr/5.4.0/avr4/memx-const\libgcc.a(_exit.o)
 .data          0x0000000000000000        0x0 c:/program files/microchip/xc8/v2.36/avr/bin/../lib/gcc/avr/5.4.0/avr4/memx-const\libgcc.a(_exit.o)
 .bss           0x0000000000000000        0x0 c:/program files/microchip/xc8/v2.36/avr/bin/../lib/gcc/avr/5.4.0/avr4/memx-const\libgcc.a(_exit.o)
 .text.libgcc.mul
                0x0000000000000000        0x0 c:/program files/microchip/xc8/v2.36/avr/bin/../lib/gcc/avr/5.4.0/avr4/memx-const\libgcc.a(_exit.o)
 .text.libgcc.div
                0x0000000000000000        0x0 c:/program files/microchip/xc8/v2.36/avr/bin/../lib/gcc/avr/5.4.0/avr4/memx-const\libgcc.a(_exit.o)
 .text.libgcc   0x0000000000000000        0x0 c:/program files/microchip/xc8/v2.36/avr/bin/../lib/gcc/avr/5.4.0/avr4/memx-const\libgcc.a(_exit.o)
 .text.libgcc.prologue
                0x0000000000000000        0x0 c:/program files/microchip/xc8/v2.36/avr/bin/../lib/gcc/avr/5.4.0/avr4/memx-const\libgcc.a(_exit.o)
 .stack.descriptors
                0x0000000000000000       0x13 c:/program files/microchip/xc8/v2.36/avr/bin/../lib/gcc/avr/5.4.0/avr4/memx-const\libgcc.a(_exit.o)
 .text.libgcc.builtins
                0x0000000000000000        0x0 c:/program files/microchip/xc8/v2.36/avr/bin/../lib/gcc/avr/5.4.0/avr4/memx-const\libgcc.a(_exit.o)
 .text.libgcc.fmul
                0x0000000000000000        0x0 c:/program files/microchip/xc8/v2.36/avr/bin/../lib/gcc/avr/5.4.0/avr4/memx-const\libgcc.a(_exit.o)
 .text.libgcc.fixed
                0x0000000000000000        0x0 c:/program files/microchip/xc8/v2.36/avr/bin/../lib/gcc/avr/5.4.0/avr4/memx-const\libgcc.a(_exit.o)

Memory Configuration

Name             Origin             Length             Attributes
text             0x0000000000000000 0x0000000000002000 xr
data             0x0000000000800060 0x0000000000000400 rw !x
eeprom           0x0000000000810000 0x0000000000000200 rw !x
fuse             0x0000000000820000 0x0000000000000002 rw !x
lock             0x0000000000830000 0x0000000000000400 rw !x
signature        0x0000000000840000 0x0000000000000400 rw !x
user_signatures  0x0000000000850000 0x0000000000000400 rw !x
*default*        0x0000000000000000 0xffffffffffffffff

Linker script and memory map

LOAD C:/Program Files/Microchip/xc8/v2.36/dfp/xc8/avr/lib/avr4/memx-const/crtatmega8a.o
LOAD i2c.o
LOAD main.o
LOAD SSD1306.o
START GROUP
LOAD c:/program files/microchip/xc8/v2.36/avr/bin/../lib/gcc/avr/5.4.0/../../../../avr/lib/avr4/memx-const\libm.a
END GROUP
START GROUP
LOAD c:/program files/microchip/xc8/v2.36/avr/bin/../lib/gcc/avr/5.4.0/avr4/memx-const\libgcc.a
LOAD c:/program files/microchip/xc8/v2.36/avr/bin/../lib/gcc/avr/5.4.0/../../../../avr/lib/avr4/memx-const\libm.a
LOAD c:/program files/microchip/xc8/v2.36/avr/bin/../lib/gcc/avr/5.4.0/../../../../avr/lib/avr4/memx-const\libc.a
LOAD C:/Program Files/Microchip/xc8/v2.36/dfp/xc8/avr/lib/avr4/memx-const\libatmega8a.a
END GROUP
                [0x0000000000000000]                __TEXT_REGION_ORIGIN__ = DEFINED (__TEXT_REGION_ORIGIN__)?__TEXT_REGION_ORIGIN__:0x0
                [0x0000000000800060]                __DATA_REGION_ORIGIN__ = DEFINED (__DATA_REGION_ORIGIN__)?__DATA_REGION_ORIGIN__:0x800060
                [0x0000000000002000]                __TEXT_REGION_LENGTH__ = DEFINED (__TEXT_REGION_LENGTH__)?__TEXT_REGION_LENGTH__:0x2000
                [0x0000000000000400]                __DATA_REGION_LENGTH__ = DEFINED (__DATA_REGION_LENGTH__)?__DATA_REGION_LENGTH__:0xffa0
                [0x0000000000000200]                __EEPROM_REGION_LENGTH__ = DEFINED (__EEPROM_REGION_LENGTH__)?__EEPROM_REGION_LENGTH__:0x10000
                [0x0000000000000002]                __FUSE_REGION_LENGTH__ = DEFINED (__FUSE_REGION_LENGTH__)?__FUSE_REGION_LENGTH__:0x400
                0x0000000000000400                __LOCK_REGION_LENGTH__ = DEFINED (__LOCK_REGION_LENGTH__)?__LOCK_REGION_LENGTH__:0x400
                0x0000000000000400                __SIGNATURE_REGION_LENGTH__ = DEFINED (__SIGNATURE_REGION_LENGTH__)?__SIGNATURE_REGION_LENGTH__:0x400
                0x0000000000000400                __USER_SIGNATURE_REGION_LENGTH__ = DEFINED (__USER_SIGNATURE_REGION_LENGTH__)?__USER_SIGNATURE_REGION_LENGTH__:0x400

.hash
 *(.hash)

.dynsym
 *(.dynsym)

.dynstr
 *(.dynstr)

.gnu.version
 *(.gnu.version)

.gnu.version_d
 *(.gnu.version_d)

.gnu.version_r
 *(.gnu.version_r)

.rel.init
 *(.rel.init)

.rela.init
 *(.rela.init)

.rel.text
 *(.rel.text)
 *(.rel.text.*)
 *(.rel.gnu.linkonce.t*)

.rela.text
 *(.rela.text)
 *(.rela.text.*)
 *(.rela.gnu.linkonce.t*)

.rel.fini
 *(.rel.fini)

.rela.fini
 *(.rela.fini)

.rel.rodata
 *(.rel.rodata)
 *(.rel.rodata.*)
 *(.rel.gnu.linkonce.r*)

.rela.rodata
 *(.rela.rodata)
 *(.rela.rodata.*)
 *(.rela.gnu.linkonce.r*)

.rel.data
 *(.rel.data)
 *(.rel.data.*)
 *(.rel.gnu.linkonce.d*)

.rela.data
 *(.rela.data)
 *(.rela.data.*)
 *(.rela.gnu.linkonce.d*)

.rel.ctors
 *(.rel.ctors)

.rela.ctors
 *(.rela.ctors)

.rel.dtors
 *(.rel.dtors)

.rela.dtors
 *(.rela.dtors)

.rel.got
 *(.rel.got)

.rela.got
 *(.rela.got)

.rel.bss
 *(.rel.bss)

.rela.bss
 *(.rela.bss)

.rel.plt
 *(.rel.plt)

.rela.plt
 *(.rela.plt)

.text           0x0000000000000000       0x88
 *(.vectors)
 .vectors       0x0000000000000000       0x26 C:/Program Files/Microchip/xc8/v2.36/dfp/xc8/avr/lib/avr4/memx-const/crtatmega8a.o
                0x0000000000000000                __vector_default
                0x0000000000000000                __vectors
 *(.vectors)
 *(.progmem.gcc*)
 *(.dinit)
 .dinit         0x0000000000000026       0x11 data_init
                0x0000000000000038                . = ALIGN (0x2)
 *fill*         0x0000000000000037        0x1 
                0x0000000000000038                __trampolines_start = .
 *(.trampolines)
 .trampolines   0x0000000000000038        0x0 linker stubs
 *(.trampolines*)
                0x0000000000000038                __trampolines_end = .
 *libprintf_flt.a:*(.progmem.data)
 *libc.a:*(.progmem.data)
                0x0000000000000038                . = ALIGN (0x2)
 *(.jumptables)
 *(.jumptables*)
 *(.lowtext)
 *(.lowtext*)
                0x0000000000000038                __ctors_start = .
 *(.ctors)
                0x0000000000000038                __ctors_end = .
                0x0000000000000038                __dtors_start = .
 *(.dtors)
                0x0000000000000038                __dtors_end = .
 SORT(*)(.ctors)
 SORT(*)(.dtors)
 *(.init0)
 .init0         0x0000000000000038        0x0 C:/Program Files/Microchip/xc8/v2.36/dfp/xc8/avr/lib/avr4/memx-const/crtatmega8a.o
                0x0000000000000038                __init
 *(.init0)
 *(.init1)
 *(.init1)
 *(.init2)
 .init2         0x0000000000000038        0xc C:/Program Files/Microchip/xc8/v2.36/dfp/xc8/avr/lib/avr4/memx-const/crtatmega8a.o
 *(.init2)
 *(.init3)
 *(.init3)
 *(.init4)
 .init4         0x0000000000000044       0x3c c:/program files/microchip/xc8/v2.36/avr/bin/../lib/gcc/avr/5.4.0/avr4/memx-const\libgcc.a(_copy_data.o)
                0x0000000000000044                __do_copy_data
                0x0000000000000072                __do_clear_bss
 *(.init4)
 *(.init5)
 *(.init5)
 *(.init6)
 *(.init6)
 *(.init7)
 *(.init7)
 *(.init8)
 *(.init8)
 *(.init9)
 .init9         0x0000000000000080        0x4 C:/Program Files/Microchip/xc8/v2.36/dfp/xc8/avr/lib/avr4/memx-const/crtatmega8a.o
 *(.init9)
                0x0000000000000084                . = ALIGN (0x2)
 *(.fini9)
 .fini9         0x0000000000000084        0x0 c:/program files/microchip/xc8/v2.36/avr/bin/../lib/gcc/avr/5.4.0/avr4/memx-const\libgcc.a(_exit.o)
                0x0000000000000084                _exit
 *(.fini9)
 *(.fini8)
 *(.fini8)
 *(.fini7)
 *(.fini7)
 *(.fini6)
 *(.fini6)
 *(.fini5)
 *(.fini5)
 *(.fini4)
 *(.fini4)
 *(.fini3)
 *(.fini3)
 *(.fini2)
 *(.fini2)
 *(.fini1)
 *(.fini1)
 *(.fini0)
 .fini0         0x0000000000000084        0x4 c:/program files/microchip/xc8/v2.36/avr/bin/../lib/gcc/avr/5.4.0/avr4/memx-const\libgcc.a(_exit.o)
 *(.fini0)
                0x0000000000000088                _etext = .

.data           0x0000000000800060        0x0 load address 0x0000000000000088
                [!provide]                        PROVIDE (__data_start, .)
 *(.gnu.linkonce.d*)
 *(.gnu.linkonce.r*)
                0x0000000000800060                . = ALIGN (0x2)
 *fill*         0x0000000000800060        0x0 
                0x0000000000800060                _edata = .
                [!provide]                        PROVIDE (__data_end, .)

.bss            0x0000000000800060       0xa9
                [!provide]                        PROVIDE (__bss_start, .)
 *(COMMON)
 COMMON         0x0000000000800060       0xa7 main.o
                0x0000000000800060                Minuts
                0x0000000000800061                Buffer
                0x0000000000800106                Seconds
 COMMON         0x0000000000800107        0x2 SSD1306.o
                0x0000000000800107                OledLineNum
                0x0000000000800108                OledCursorPos
                [!provide]                        PROVIDE (__bss_end, .)
                0x0000000000000088                __data_load_start = LOADADDR (.data)
                0x0000000000000088                __data_load_end = (__data_load_start + SIZEOF (.data))

.noinit         0x0000000000800109        0x0
                [!provide]                        PROVIDE (__noinit_start, .)
 *(.noinit*)
                [!provide]                        PROVIDE (__noinit_end, .)
                0x0000000000800109                _end = .

.eeprom         0x0000000000810000        0x0
 *(.eeprom*)
                0x0000000000810000                __eeprom_end = .

.fuse
 *(.fuse)
 *(.lfuse)
 *(.hfuse)
 *(.efuse)

.lock
 *(.lock*)

.signature
 *(.signature*)

.user_signatures
 *(.user_signatures*)

.stab
 *(.stab)

.stabstr
 *(.stabstr)

.stab.excl
 *(.stab.excl)

.stab.exclstr
 *(.stab.exclstr)

.stab.index
 *(.stab.index)

.stab.indexstr
 *(.stab.indexstr)

.comment        0x0000000000000000       0x2f
 *(.comment)
 .comment       0x0000000000000000       0x2f i2c.o
                                         0x30 (size before relaxing)
 .comment       0x000000000000002f       0x30 main.o
 .comment       0x000000000000002f       0x30 SSD1306.o
 .comment       0x000000000000002f       0x30 c:/program files/microchip/xc8/v2.36/avr/bin/../lib/gcc/avr/5.4.0/../../../../avr/lib/avr4/memx-const\libc.a(exit.o)
 .comment       0x000000000000002f       0x30 c:/program files/microchip/xc8/v2.36/avr/bin/../lib/gcc/avr/5.4.0/../../../../avr/lib/avr4/memx-const\libc.a(_Exit.o)

.note.GNU-stack
                0x0000000000000000        0x0
 .note.GNU-stack
                0x0000000000000000        0x0 c:/program files/microchip/xc8/v2.36/avr/bin/../lib/gcc/avr/5.4.0/../../../../avr/lib/avr4/memx-const\libc.a(exit.o)
 .note.GNU-stack
                0x0000000000000000        0x0 c:/program files/microchip/xc8/v2.36/avr/bin/../lib/gcc/avr/5.4.0/../../../../avr/lib/avr4/memx-const\libc.a(_Exit.o)

.stack.descriptors.hdr
                0x0000000000000000        0xe
 .stack.descriptors.hdr
                0x0000000000000000        0xe c:/program files/microchip/xc8/v2.36/avr/bin/../lib/gcc/avr/5.4.0/avr4/memx-const\libgcc.a(_exit.o)

.note.gnu.build-id
 *(.note.gnu.build-id)

.debug
 *(.debug)

.line
 *(.line)

.debug_srcinfo
 *(.debug_srcinfo)

.debug_sfnames
 *(.debug_sfnames)

.debug_aranges  0x0000000000000000      0x120
 *(.debug_aranges)
 .debug_aranges
                0x0000000000000000       0x50 i2c.o
 .debug_aranges
                0x0000000000000050       0x28 main.o
 .debug_aranges
                0x0000000000000078       0xa8 SSD1306.o

.debug_pubnames
 *(.debug_pubnames)

.debug_info     0x0000000000000000     0x1ffe
 *(.debug_info .gnu.linkonce.wi.*)
 .debug_info    0x0000000000000000      0x48c C:/Program Files/Microchip/xc8/v2.36/dfp/xc8/avr/lib/avr4/memx-const/crtatmega8a.o
 .debug_info    0x000000000000048c      0x3f8 i2c.o
 .debug_info    0x0000000000000884      0x652 main.o
 .debug_info    0x0000000000000ed6     0x1128 SSD1306.o

.debug_abbrev   0x0000000000000000      0x866
 *(.debug_abbrev)
 .debug_abbrev  0x0000000000000000      0x44e C:/Program Files/Microchip/xc8/v2.36/dfp/xc8/avr/lib/avr4/memx-const/crtatmega8a.o
 .debug_abbrev  0x000000000000044e       0xa9 i2c.o
 .debug_abbrev  0x00000000000004f7      0x192 main.o
 .debug_abbrev  0x0000000000000689      0x1dd SSD1306.o

.debug_line     0x0000000000000000      0xaed
 *(.debug_line .debug_line.* .debug_line_end)
 .debug_line    0x0000000000000000      0x10d C:/Program Files/Microchip/xc8/v2.36/dfp/xc8/avr/lib/avr4/memx-const/crtatmega8a.o
 .debug_line    0x000000000000010d      0x223 i2c.o
 .debug_line    0x0000000000000330      0x19a main.o
 .debug_line    0x00000000000004ca      0x623 SSD1306.o

.debug_frame    0x0000000000000000      0x374
 *(.debug_frame)
 .debug_frame   0x0000000000000000       0x84 i2c.o
 .debug_frame   0x0000000000000084       0x54 main.o
 .debug_frame   0x00000000000000d8      0x29c SSD1306.o

.debug_str      0x0000000000000000      0x28c
 *(.debug_str)
 .debug_str     0x0000000000000000      0x17a C:/Program Files/Microchip/xc8/v2.36/dfp/xc8/avr/lib/avr4/memx-const/crtatmega8a.o
 .debug_str     0x000000000000017a        0x7 i2c.o
 .debug_str     0x0000000000000181       0x6d main.o
 .debug_str     0x00000000000001ee       0x9e SSD1306.o

.debug_loc      0x0000000000000000      0xdb2
 *(.debug_loc)
 .debug_loc     0x0000000000000000      0x191 i2c.o
 .debug_loc     0x0000000000000191       0xdf main.o
 .debug_loc     0x0000000000000270      0xb42 SSD1306.o

.debug_macinfo
 *(.debug_macinfo)

.debug_weaknames
 *(.debug_weaknames)

.debug_funcnames
 *(.debug_funcnames)

.debug_typenames
 *(.debug_typenames)

.debug_varnames
 *(.debug_varnames)

.debug_pubtypes
 *(.debug_pubtypes)

.debug_ranges   0x0000000000000000      0x108
 *(.debug_ranges)
 .debug_ranges  0x0000000000000000       0x40 i2c.o
 .debug_ranges  0x0000000000000040       0x18 main.o
 .debug_ranges  0x0000000000000058       0xb0 SSD1306.o

.debug_macro
 *(.debug_macro)
OUTPUT(OLEDTimer.elf elf32-avr)
LOAD linker stubs
LOAD data_init

.note.gnu.avr.deviceinfo
                0x0000000000000000       0x3c
 .note.gnu.avr.deviceinfo
                0x0000000000000000       0x3c C:/Program Files/Microchip/xc8/v2.36/dfp/xc8/avr/lib/avr4/memx-const/crtatmega8a.o

.bss.masterMode
                0x000000000080010f        0x1
 .bss.masterMode
                0x000000000080010f        0x1 i2c.o

.progmemx.data.CathClockMainScreenRLE
                0x0000000000000088      0x236
 .progmemx.data.CathClockMainScreenRLE
                0x0000000000000088      0x236 main.o
                0x0000000000000088                CathClockMainScreenRLE

.progmemx.data.SevenSegments11x19
                0x00000000000002be      0x16b
 .progmemx.data.SevenSegments11x19
                0x00000000000002be      0x16b main.o
                0x00000000000002be                SevenSegments11x19

.text.main      0x000000000000042a      0x162
 .text.main     0x000000000000042a      0x162 main.o
                0x000000000000042a                main

.text.OLED_WriteChar
                0x000000000000058c      0x120
 .text.OLED_WriteChar
                0x000000000000058c      0x120 SSD1306.o
                0x000000000000058c                OLED_WriteChar

.text.OLED_WriteTwoDigitNumber
                0x00000000000006ac       0xa8
 .text.OLED_WriteTwoDigitNumber
                0x00000000000006ac       0xa8 SSD1306.o
                0x00000000000006ac                OLED_WriteTwoDigitNumber

.text.OLED_DrawBitmapRLE
                0x0000000000000754       0x9c
 .text.OLED_DrawBitmapRLE
                0x0000000000000754       0x9c SSD1306.o
                0x0000000000000754                OLED_DrawBitmapRLE

.text.OLED_Init
                0x00000000000007f0       0x6a
 .text.OLED_Init
                0x00000000000007f0       0x6a SSD1306.o
                0x00000000000007f0                OLED_Init

.text.OLED_Clear
                0x000000000000085a       0x5e
 .text.OLED_Clear
                0x000000000000085a       0x5e SSD1306.o
                0x000000000000085a                OLED_Clear

.text.i2c_tx_address
                0x00000000000008b8       0x48
 .text.i2c_tx_address
                0x00000000000008b8       0x48 i2c.o
                0x00000000000008b8                i2c_tx_address

.text.OLED_SetCursor
                0x0000000000000900       0x3e
 .text.OLED_SetCursor
                0x0000000000000900       0x3e SSD1306.o
                0x0000000000000900                OLED_SetCursor

.text.i2c_tx_start
                0x000000000000093e       0x24
 .text.i2c_tx_start
                0x000000000000093e       0x24 i2c.o
                0x000000000000093e                i2c_tx_start

.text.i2c_tx_byte
                0x0000000000000962       0x1e
 .text.i2c_tx_byte
                0x0000000000000962       0x1e i2c.o
                0x0000000000000962                i2c_tx_byte

.text.oledSendCommand
                0x0000000000000980       0x16
 .text.oledSendCommand
                0x0000000000000980       0x16 SSD1306.o
                0x0000000000000980                oledSendCommand

.text.oledSendStart
                0x0000000000000996       0x10
 .text.oledSendStart
                0x0000000000000996       0x10 SSD1306.o
                0x0000000000000996                oledSendStart

.text.i2c_tx_stop
                0x00000000000009a6        0xe
 .text.i2c_tx_stop
                0x00000000000009a6        0xe i2c.o
                0x00000000000009a6                i2c_tx_stop

.text.exit      0x00000000000009b4        0xe
 .text.exit     0x00000000000009b4        0xe c:/program files/microchip/xc8/v2.36/avr/bin/../lib/gcc/avr/5.4.0/../../../../avr/lib/avr4/memx-const\libc.a(exit.o)
                0x00000000000009b4                exit

.text.i2c_init  0x00000000000009c2        0xc
 .text.i2c_init
                0x00000000000009c2        0xc i2c.o
                0x00000000000009c2                i2c_init

.text.TimerFinished
                0x00000000000009ce        0xc
 .text.TimerFinished
                0x00000000000009ce        0xc main.o
                0x00000000000009ce                TimerFinished

.text.oledSendStop
                0x00000000000009da        0x4
 .text.oledSendStop
                0x00000000000009da        0x4 SSD1306.o
                0x00000000000009da                oledSendStop

.text.oledSendByte
                0x00000000000009de        0x4
 .text.oledSendByte
                0x00000000000009de        0x4 SSD1306.o
                0x00000000000009de                oledSendByte

.text           0x00000000000009e2        0x2
 .text          0x00000000000009e2        0x2 C:/Program Files/Microchip/xc8/v2.36/dfp/xc8/avr/lib/avr4/memx-const/crtatmega8a.o
                0x00000000000009e2                __vector_1
                0x00000000000009e2                __vector_12
                0x00000000000009e2                __bad_interrupt
                0x00000000000009e2                __vector_6
                0x00000000000009e2                __vector_3
                0x00000000000009e2                __vector_11
                0x00000000000009e2                __vector_13
                0x00000000000009e2                __vector_17
                0x00000000000009e2                __vector_7
                0x00000000000009e2                __vector_5
                0x00000000000009e2                __vector_4
                0x00000000000009e2                __vector_9
                0x00000000000009e2                __vector_2
                0x00000000000009e2                __vector_15
                0x00000000000009e2                __vector_8
                0x00000000000009e2                __vector_14
                0x00000000000009e2                __vector_10
                0x00000000000009e2                __vector_16
                0x00000000000009e2                __vector_18

.text.__dummy_fini
                0x00000000000009e4        0x2
 .text.__dummy_fini
                0x00000000000009e4        0x2 c:/program files/microchip/xc8/v2.36/avr/bin/../lib/gcc/avr/5.4.0/../../../../avr/lib/avr4/memx-const\libc.a(exit.o)
                0x00000000000009e4                _fini

.text.__dummy_funcs_on_exit
                0x00000000000009e6        0x2
 .text.__dummy_funcs_on_exit
                0x00000000000009e6        0x2 c:/program files/microchip/xc8/v2.36/avr/bin/../lib/gcc/avr/5.4.0/../../../../avr/lib/avr4/memx-const\libc.a(exit.o)
                0x00000000000009e6                __funcs_on_exit

.text.__dummy_simulator_exit
                0x00000000000009e8        0x2
 .text.__dummy_simulator_exit
                0x00000000000009e8        0x2 c:/program files/microchip/xc8/v2.36/avr/bin/../lib/gcc/avr/5.4.0/../../../../avr/lib/avr4/memx-const\libc.a(exit.o)
                0x00000000000009e8                __simulator_exit

.text._Exit     0x00000000000009ea        0x2
 .text._Exit    0x00000000000009ea        0x2 c:/program files/microchip/xc8/v2.36/avr/bin/../lib/gcc/avr/5.4.0/../../../../avr/lib/avr4/memx-const\libc.a(_Exit.o)
                0x00000000000009ea                _Exit

.data.SevenSegments_struc
                0x0000000000800109        0x6 load address 0x00000000000009ec
 .data.SevenSegments_struc
                0x0000000000800109        0x6 main.o
                0x0000000000800109                SevenSegments_struc
