Archive member included to satisfy reference by file (symbol)

c:/program files/microchip/xc8/v2.36/avr/bin/../lib/gcc/avr/5.4.0/avr4/memx-const\libgcc.a(_copy_data.o)
                              main.o (__do_copy_data)
c:/program files/microchip/xc8/v2.36/avr/bin/../lib/gcc/avr/5.4.0/avr4/memx-const\libgcc.a(_umulhisi3.o)
                              SSD1306.o (__umulhisi3)
c:/program files/microchip/xc8/v2.36/avr/bin/../lib/gcc/avr/5.4.0/../../../../avr/lib/avr4/memx-const\libc.a(exit.o)
                              C:/Program Files (x86)/Atmel/Studio/7.0/Packs/atmel/ATmega_DFP/2.1.506/xc8/avr/lib/avr4/memx-const/crtatmega8a.o (exit)
c:/program files/microchip/xc8/v2.36/avr/bin/../lib/gcc/avr/5.4.0/../../../../avr/lib/avr4/memx-const\libc.a(_Exit.o)
                              c:/program files/microchip/xc8/v2.36/avr/bin/../lib/gcc/avr/5.4.0/../../../../avr/lib/avr4/memx-const\libc.a(exit.o) (_Exit)
c:/program files/microchip/xc8/v2.36/avr/bin/../lib/gcc/avr/5.4.0/avr4/memx-const\libgcc.a(_exit.o)
                              c:/program files/microchip/xc8/v2.36/avr/bin/../lib/gcc/avr/5.4.0/../../../../avr/lib/avr4/memx-const\libc.a(_Exit.o) (_exit)

Allocating common symbols
Common symbol       size              file

OledLineNum         0x1               SSD1306.o
OledCursorPos       0x1               SSD1306.o
Minuts              0x1               main.o
Seconds             0x1               main.o

Discarded input sections

 .data          0x0000000000000000        0x0 C:/Program Files (x86)/Atmel/Studio/7.0/Packs/atmel/ATmega_DFP/2.1.506/xc8/avr/lib/avr4/memx-const/crtatmega8a.o
 .bss           0x0000000000000000        0x0 C:/Program Files (x86)/Atmel/Studio/7.0/Packs/atmel/ATmega_DFP/2.1.506/xc8/avr/lib/avr4/memx-const/crtatmega8a.o
 .text          0x0000000000000000        0x0 ADC.o
 .data          0x0000000000000000        0x0 ADC.o
 .bss           0x0000000000000000        0x0 ADC.o
 .text.ADC_init
                0x0000000000000000        0xe ADC.o
 .text.ADC_StartConversion
                0x0000000000000000        0x8 ADC.o
 .debug_info    0x0000000000000000      0x2af ADC.o
 .debug_abbrev  0x0000000000000000       0x46 ADC.o
 .debug_aranges
                0x0000000000000000       0x28 ADC.o
 .debug_ranges  0x0000000000000000       0x18 ADC.o
 .debug_line    0x0000000000000000       0xae ADC.o
 .debug_str     0x0000000000000000        0x0 ADC.o
 .comment       0x0000000000000000       0x30 ADC.o
 .debug_frame   0x0000000000000000       0x34 ADC.o
 .text          0x0000000000000000        0x0 AnalogComperator.o
 .data          0x0000000000000000        0x0 AnalogComperator.o
 .bss           0x0000000000000000        0x0 AnalogComperator.o
 .text.TurnOnAnalogComparator
                0x0000000000000000        0x6 AnalogComperator.o
 .debug_info    0x0000000000000000      0x276 AnalogComperator.o
 .debug_abbrev  0x0000000000000000       0x44 AnalogComperator.o
 .debug_aranges
                0x0000000000000000       0x20 AnalogComperator.o
 .debug_ranges  0x0000000000000000       0x10 AnalogComperator.o
 .debug_line    0x0000000000000000       0x93 AnalogComperator.o
 .debug_str     0x0000000000000000        0x0 AnalogComperator.o
 .comment       0x0000000000000000       0x30 AnalogComperator.o
 .debug_frame   0x0000000000000000       0x24 AnalogComperator.o
 .text          0x0000000000000000        0x0 i2c.o
 .data          0x0000000000000000        0x0 i2c.o
 .bss           0x0000000000000000        0x0 i2c.o
 .text.i2c_timeout
                0x0000000000000000       0x1c i2c.o
 .text.i2c_rx_byte
                0x0000000000000000       0x28 i2c.o
 .text          0x0000000000000000        0x0 main.o
 .data          0x0000000000000000        0x0 main.o
 .bss           0x0000000000000000        0x0 main.o
 .text          0x0000000000000000        0x0 SSD1306.o
 .data          0x0000000000000000        0x0 SSD1306.o
 .bss           0x0000000000000000        0x0 SSD1306.o
 .text.OLED_GoToLine
                0x0000000000000000        0xe SSD1306.o
 .text.OLED_GoToNextLine
                0x0000000000000000       0x12 SSD1306.o
 .text.OLED_DisplayChar
                0x0000000000000000       0x72 SSD1306.o
 .text.OLED_DisplayString
                0x0000000000000000       0x18 SSD1306.o
 .text.OLED_DisplayLogo
                0x0000000000000000       0x50 SSD1306.o
 .text.OLED_VerticalGraph
                0x0000000000000000       0x9e SSD1306.o
 .text.OLED_HorizontalGraph
                0x0000000000000000       0x56 SSD1306.o
 .text.OLED_EnableInversion
                0x0000000000000000        0x6 SSD1306.o
 .text.OLED_DisableInversion
                0x0000000000000000        0x6 SSD1306.o
 .text.OLED_SetBrightness
                0x0000000000000000       0x10 SSD1306.o
 .progmemx.data.OledFontTable
                0x0000000000000000      0x1db SSD1306.o
 .text          0x0000000000000000        0x0 c:/program files/microchip/xc8/v2.36/avr/bin/../lib/gcc/avr/5.4.0/avr4/memx-const\libgcc.a(_copy_data.o)
 .data          0x0000000000000000        0x0 c:/program files/microchip/xc8/v2.36/avr/bin/../lib/gcc/avr/5.4.0/avr4/memx-const\libgcc.a(_copy_data.o)
 .bss           0x0000000000000000        0x0 c:/program files/microchip/xc8/v2.36/avr/bin/../lib/gcc/avr/5.4.0/avr4/memx-const\libgcc.a(_copy_data.o)
 .text.libgcc.mul
                0x0000000000000000        0x0 c:/program files/microchip/xc8/v2.36/avr/bin/../lib/gcc/avr/5.4.0/avr4/memx-const\libgcc.a(_copy_data.o)
 .text.libgcc.div
                0x0000000000000000        0x0 c:/program files/microchip/xc8/v2.36/avr/bin/../lib/gcc/avr/5.4.0/avr4/memx-const\libgcc.a(_copy_data.o)
 .text.libgcc   0x0000000000000000        0x0 c:/program files/microchip/xc8/v2.36/avr/bin/../lib/gcc/avr/5.4.0/avr4/memx-const\libgcc.a(_copy_data.o)
 .text.libgcc.prologue
                0x0000000000000000        0x0 c:/program files/microchip/xc8/v2.36/avr/bin/../lib/gcc/avr/5.4.0/avr4/memx-const\libgcc.a(_copy_data.o)
 .text.libgcc.builtins
                0x0000000000000000        0x0 c:/program files/microchip/xc8/v2.36/avr/bin/../lib/gcc/avr/5.4.0/avr4/memx-const\libgcc.a(_copy_data.o)
 .text.libgcc.fmul
                0x0000000000000000        0x0 c:/program files/microchip/xc8/v2.36/avr/bin/../lib/gcc/avr/5.4.0/avr4/memx-const\libgcc.a(_copy_data.o)
 .text.libgcc.fixed
                0x0000000000000000        0x0 c:/program files/microchip/xc8/v2.36/avr/bin/../lib/gcc/avr/5.4.0/avr4/memx-const\libgcc.a(_copy_data.o)
 .text          0x0000000000000000        0x0 c:/program files/microchip/xc8/v2.36/avr/bin/../lib/gcc/avr/5.4.0/avr4/memx-const\libgcc.a(_umulhisi3.o)
 .data          0x0000000000000000        0x0 c:/program files/microchip/xc8/v2.36/avr/bin/../lib/gcc/avr/5.4.0/avr4/memx-const\libgcc.a(_umulhisi3.o)
 .bss           0x0000000000000000        0x0 c:/program files/microchip/xc8/v2.36/avr/bin/../lib/gcc/avr/5.4.0/avr4/memx-const\libgcc.a(_umulhisi3.o)
 .stack.descriptors
                0x0000000000000000       0x19 c:/program files/microchip/xc8/v2.36/avr/bin/../lib/gcc/avr/5.4.0/avr4/memx-const\libgcc.a(_umulhisi3.o)
 .text.libgcc.div
                0x0000000000000000        0x0 c:/program files/microchip/xc8/v2.36/avr/bin/../lib/gcc/avr/5.4.0/avr4/memx-const\libgcc.a(_umulhisi3.o)
 .text.libgcc   0x0000000000000000        0x0 c:/program files/microchip/xc8/v2.36/avr/bin/../lib/gcc/avr/5.4.0/avr4/memx-const\libgcc.a(_umulhisi3.o)
 .text.libgcc.prologue
                0x0000000000000000        0x0 c:/program files/microchip/xc8/v2.36/avr/bin/../lib/gcc/avr/5.4.0/avr4/memx-const\libgcc.a(_umulhisi3.o)
 .text.libgcc.builtins
                0x0000000000000000        0x0 c:/program files/microchip/xc8/v2.36/avr/bin/../lib/gcc/avr/5.4.0/avr4/memx-const\libgcc.a(_umulhisi3.o)
 .text.libgcc.fmul
                0x0000000000000000        0x0 c:/program files/microchip/xc8/v2.36/avr/bin/../lib/gcc/avr/5.4.0/avr4/memx-const\libgcc.a(_umulhisi3.o)
 .text.libgcc.fixed
                0x0000000000000000        0x0 c:/program files/microchip/xc8/v2.36/avr/bin/../lib/gcc/avr/5.4.0/avr4/memx-const\libgcc.a(_umulhisi3.o)
 .text          0x0000000000000000        0x0 c:/program files/microchip/xc8/v2.36/avr/bin/../lib/gcc/avr/5.4.0/../../../../avr/lib/avr4/memx-const\libc.a(exit.o)
 .data          0x0000000000000000        0x0 c:/program files/microchip/xc8/v2.36/avr/bin/../lib/gcc/avr/5.4.0/../../../../avr/lib/avr4/memx-const\libc.a(exit.o)
 .bss           0x0000000000000000        0x0 c:/program files/microchip/xc8/v2.36/avr/bin/../lib/gcc/avr/5.4.0/../../../../avr/lib/avr4/memx-const\libc.a(exit.o)
 .text          0x0000000000000000        0x0 c:/program files/microchip/xc8/v2.36/avr/bin/../lib/gcc/avr/5.4.0/../../../../avr/lib/avr4/memx-const\libc.a(_Exit.o)
 .data          0x0000000000000000        0x0 c:/program files/microchip/xc8/v2.36/avr/bin/../lib/gcc/avr/5.4.0/../../../../avr/lib/avr4/memx-const\libc.a(_Exit.o)
 .bss           0x0000000000000000        0x0 c:/program files/microchip/xc8/v2.36/avr/bin/../lib/gcc/avr/5.4.0/../../../../avr/lib/avr4/memx-const\libc.a(_Exit.o)
 .text          0x0000000000000000        0x0 c:/program files/microchip/xc8/v2.36/avr/bin/../lib/gcc/avr/5.4.0/avr4/memx-const\libgcc.a(_exit.o)
 .data          0x0000000000000000        0x0 c:/program files/microchip/xc8/v2.36/avr/bin/../lib/gcc/avr/5.4.0/avr4/memx-const\libgcc.a(_exit.o)
 .bss           0x0000000000000000        0x0 c:/program files/microchip/xc8/v2.36/avr/bin/../lib/gcc/avr/5.4.0/avr4/memx-const\libgcc.a(_exit.o)
 .text.libgcc.mul
                0x0000000000000000        0x0 c:/program files/microchip/xc8/v2.36/avr/bin/../lib/gcc/avr/5.4.0/avr4/memx-const\libgcc.a(_exit.o)
 .text.libgcc.div
                0x0000000000000000        0x0 c:/program files/microchip/xc8/v2.36/avr/bin/../lib/gcc/avr/5.4.0/avr4/memx-const\libgcc.a(_exit.o)
 .text.libgcc   0x0000000000000000        0x0 c:/program files/microchip/xc8/v2.36/avr/bin/../lib/gcc/avr/5.4.0/avr4/memx-const\libgcc.a(_exit.o)
 .text.libgcc.prologue
                0x0000000000000000        0x0 c:/program files/microchip/xc8/v2.36/avr/bin/../lib/gcc/avr/5.4.0/avr4/memx-const\libgcc.a(_exit.o)
 .stack.descriptors
                0x0000000000000000       0x13 c:/program files/microchip/xc8/v2.36/avr/bin/../lib/gcc/avr/5.4.0/avr4/memx-const\libgcc.a(_exit.o)
 .text.libgcc.builtins
                0x0000000000000000        0x0 c:/program files/microchip/xc8/v2.36/avr/bin/../lib/gcc/avr/5.4.0/avr4/memx-const\libgcc.a(_exit.o)
 .text.libgcc.fmul
                0x0000000000000000        0x0 c:/program files/microchip/xc8/v2.36/avr/bin/../lib/gcc/avr/5.4.0/avr4/memx-const\libgcc.a(_exit.o)
 .text.libgcc.fixed
                0x0000000000000000        0x0 c:/program files/microchip/xc8/v2.36/avr/bin/../lib/gcc/avr/5.4.0/avr4/memx-const\libgcc.a(_exit.o)

Memory Configuration

Name             Origin             Length             Attributes
text             0x0000000000000000 0x0000000000002000 xr
data             0x0000000000800060 0x0000000000000400 rw !x
eeprom           0x0000000000810000 0x0000000000000200 rw !x
fuse             0x0000000000820000 0x0000000000000002 rw !x
lock             0x0000000000830000 0x0000000000000400 rw !x
signature        0x0000000000840000 0x0000000000000400 rw !x
user_signatures  0x0000000000850000 0x0000000000000400 rw !x
*default*        0x0000000000000000 0xffffffffffffffff

Linker script and memory map

LOAD C:/Program Files (x86)/Atmel/Studio/7.0/Packs/atmel/ATmega_DFP/2.1.506/xc8/avr/lib/avr4/memx-const/crtatmega8a.o
LOAD ADC.o
LOAD AnalogComperator.o
LOAD i2c.o
LOAD main.o
LOAD SSD1306.o
START GROUP
LOAD c:/program files/microchip/xc8/v2.36/avr/bin/../lib/gcc/avr/5.4.0/../../../../avr/lib/avr4/memx-const\libm.a
END GROUP
START GROUP
LOAD c:/program files/microchip/xc8/v2.36/avr/bin/../lib/gcc/avr/5.4.0/avr4/memx-const\libgcc.a
LOAD c:/program files/microchip/xc8/v2.36/avr/bin/../lib/gcc/avr/5.4.0/../../../../avr/lib/avr4/memx-const\libm.a
LOAD c:/program files/microchip/xc8/v2.36/avr/bin/../lib/gcc/avr/5.4.0/../../../../avr/lib/avr4/memx-const\libc.a
LOAD C:/Program Files (x86)/Atmel/Studio/7.0/Packs/atmel/ATmega_DFP/2.1.506/xc8/avr/lib/avr4/memx-const\libatmega8a.a
END GROUP
                [0x0000000000000000]                __TEXT_REGION_ORIGIN__ = DEFINED (__TEXT_REGION_ORIGIN__)?__TEXT_REGION_ORIGIN__:0x0
                [0x0000000000800060]                __DATA_REGION_ORIGIN__ = DEFINED (__DATA_REGION_ORIGIN__)?__DATA_REGION_ORIGIN__:0x800060
                [0x0000000000002000]                __TEXT_REGION_LENGTH__ = DEFINED (__TEXT_REGION_LENGTH__)?__TEXT_REGION_LENGTH__:0x2000
                [0x0000000000000400]                __DATA_REGION_LENGTH__ = DEFINED (__DATA_REGION_LENGTH__)?__DATA_REGION_LENGTH__:0xffa0
                [0x0000000000000200]                __EEPROM_REGION_LENGTH__ = DEFINED (__EEPROM_REGION_LENGTH__)?__EEPROM_REGION_LENGTH__:0x10000
                [0x0000000000000002]                __FUSE_REGION_LENGTH__ = DEFINED (__FUSE_REGION_LENGTH__)?__FUSE_REGION_LENGTH__:0x400
                0x0000000000000400                __LOCK_REGION_LENGTH__ = DEFINED (__LOCK_REGION_LENGTH__)?__LOCK_REGION_LENGTH__:0x400
                0x0000000000000400                __SIGNATURE_REGION_LENGTH__ = DEFINED (__SIGNATURE_REGION_LENGTH__)?__SIGNATURE_REGION_LENGTH__:0x400
                0x0000000000000400                __USER_SIGNATURE_REGION_LENGTH__ = DEFINED (__USER_SIGNATURE_REGION_LENGTH__)?__USER_SIGNATURE_REGION_LENGTH__:0x400

.hash
 *(.hash)

.dynsym
 *(.dynsym)

.dynstr
 *(.dynstr)

.gnu.version
 *(.gnu.version)

.gnu.version_d
 *(.gnu.version_d)

.gnu.version_r
 *(.gnu.version_r)

.rel.init
 *(.rel.init)

.rela.init
 *(.rela.init)

.rel.text
 *(.rel.text)
 *(.rel.text.*)
 *(.rel.gnu.linkonce.t*)

.rela.text
 *(.rela.text)
 *(.rela.text.*)
 *(.rela.gnu.linkonce.t*)

.rel.fini
 *(.rel.fini)

.rela.fini
 *(.rela.fini)

.rel.rodata
 *(.rel.rodata)
 *(.rel.rodata.*)
 *(.rel.gnu.linkonce.r*)

.rela.rodata
 *(.rela.rodata)
 *(.rela.rodata.*)
 *(.rela.gnu.linkonce.r*)

.rel.data
 *(.rel.data)
 *(.rel.data.*)
 *(.rel.gnu.linkonce.d*)

.rela.data
 *(.rela.data)
 *(.rela.data.*)
 *(.rela.gnu.linkonce.d*)

.rel.ctors
 *(.rel.ctors)

.rela.ctors
 *(.rela.ctors)

.rel.dtors
 *(.rel.dtors)

.rela.dtors
 *(.rela.dtors)

.rel.got
 *(.rel.got)

.rela.got
 *(.rela.got)

.rel.bss
 *(.rel.bss)

.rela.bss
 *(.rela.bss)

.rel.plt
 *(.rel.plt)

.rela.plt
 *(.rela.plt)

.text           0x0000000000000000       0x88
 *(.vectors)
 .vectors       0x0000000000000000       0x26 C:/Program Files (x86)/Atmel/Studio/7.0/Packs/atmel/ATmega_DFP/2.1.506/xc8/avr/lib/avr4/memx-const/crtatmega8a.o
                0x0000000000000000                __vector_default
                0x0000000000000000                __vectors
 *(.vectors)
 *(.progmem.gcc*)
 *(.dinit)
 .dinit         0x0000000000000026       0x11 data_init
                0x0000000000000038                . = ALIGN (0x2)
 *fill*         0x0000000000000037        0x1 
                0x0000000000000038                __trampolines_start = .
 *(.trampolines)
 .trampolines   0x0000000000000038        0x0 linker stubs
 *(.trampolines*)
                0x0000000000000038                __trampolines_end = .
 *libprintf_flt.a:*(.progmem.data)
 *libc.a:*(.progmem.data)
                0x0000000000000038                . = ALIGN (0x2)
 *(.jumptables)
 *(.jumptables*)
 *(.lowtext)
 *(.lowtext*)
                0x0000000000000038                __ctors_start = .
 *(.ctors)
                0x0000000000000038                __ctors_end = .
                0x0000000000000038                __dtors_start = .
 *(.dtors)
                0x0000000000000038                __dtors_end = .
 SORT(*)(.ctors)
 SORT(*)(.dtors)
 *(.init0)
 .init0         0x0000000000000038        0x0 C:/Program Files (x86)/Atmel/Studio/7.0/Packs/atmel/ATmega_DFP/2.1.506/xc8/avr/lib/avr4/memx-const/crtatmega8a.o
                0x0000000000000038                __init
 *(.init0)
 *(.init1)
 *(.init1)
 *(.init2)
 .init2         0x0000000000000038        0xc C:/Program Files (x86)/Atmel/Studio/7.0/Packs/atmel/ATmega_DFP/2.1.506/xc8/avr/lib/avr4/memx-const/crtatmega8a.o
 *(.init2)
 *(.init3)
 *(.init3)
 *(.init4)
 .init4         0x0000000000000044       0x3c c:/program files/microchip/xc8/v2.36/avr/bin/../lib/gcc/avr/5.4.0/avr4/memx-const\libgcc.a(_copy_data.o)
                0x0000000000000044                __do_copy_data
                0x0000000000000072                __do_clear_bss
 *(.init4)
 *(.init5)
 *(.init5)
 *(.init6)
 *(.init6)
 *(.init7)
 *(.init7)
 *(.init8)
 *(.init8)
 *(.init9)
 .init9         0x0000000000000080        0x4 C:/Program Files (x86)/Atmel/Studio/7.0/Packs/atmel/ATmega_DFP/2.1.506/xc8/avr/lib/avr4/memx-const/crtatmega8a.o
 *(.init9)
                0x0000000000000084                . = ALIGN (0x2)
 *(.fini9)
 .fini9         0x0000000000000084        0x0 c:/program files/microchip/xc8/v2.36/avr/bin/../lib/gcc/avr/5.4.0/avr4/memx-const\libgcc.a(_exit.o)
                0x0000000000000084                _exit
 *(.fini9)
 *(.fini8)
 *(.fini8)
 *(.fini7)
 *(.fini7)
 *(.fini6)
 *(.fini6)
 *(.fini5)
 *(.fini5)
 *(.fini4)
 *(.fini4)
 *(.fini3)
 *(.fini3)
 *(.fini2)
 *(.fini2)
 *(.fini1)
 *(.fini1)
 *(.fini0)
 .fini0         0x0000000000000084        0x4 c:/program files/microchip/xc8/v2.36/avr/bin/../lib/gcc/avr/5.4.0/avr4/memx-const\libgcc.a(_exit.o)
 *(.fini0)
                0x0000000000000088                _etext = .

.data           0x0000000000800060        0x0 load address 0x0000000000000088
                [!provide]                        PROVIDE (__data_start, .)
 *(.gnu.linkonce.d*)
 *(.gnu.linkonce.r*)
                0x0000000000800060                . = ALIGN (0x2)
                0x0000000000800060                _edata = .
                [!provide]                        PROVIDE (__data_end, .)

.bss            0x0000000000800060        0x4
                [!provide]                        PROVIDE (__bss_start, .)
 *(COMMON)
 COMMON         0x0000000000800060        0x2 main.o
                0x0000000000800060                Minuts
                0x0000000000800061                Seconds
 COMMON         0x0000000000800062        0x2 SSD1306.o
                0x0000000000800062                OledLineNum
                0x0000000000800063                OledCursorPos
                [!provide]                        PROVIDE (__bss_end, .)
                0x0000000000000088                __data_load_start = LOADADDR (.data)
                0x0000000000000088                __data_load_end = (__data_load_start + SIZEOF (.data))

.noinit         0x0000000000800064        0x0
                [!provide]                        PROVIDE (__noinit_start, .)
 *(.noinit*)
                [!provide]                        PROVIDE (__noinit_end, .)
                0x0000000000800064                _end = .

.eeprom         0x0000000000810000        0x0
 *(.eeprom*)
                0x0000000000810000                __eeprom_end = .

.fuse
 *(.fuse)
 *(.lfuse)
 *(.hfuse)
 *(.efuse)

.lock
 *(.lock*)

.signature
 *(.signature*)

.user_signatures
 *(.user_signatures*)

.stab
 *(.stab)

.stabstr
 *(.stabstr)

.stab.excl
 *(.stab.excl)

.stab.exclstr
 *(.stab.exclstr)

.stab.index
 *(.stab.index)

.stab.indexstr
 *(.stab.indexstr)

.comment        0x0000000000000000       0x2f
 *(.comment)
 .comment       0x0000000000000000       0x2f i2c.o
                                         0x30 (size before relaxing)
 .comment       0x000000000000002f       0x30 main.o
 .comment       0x000000000000002f       0x30 SSD1306.o
 .comment       0x000000000000002f       0x30 c:/program files/microchip/xc8/v2.36/avr/bin/../lib/gcc/avr/5.4.0/../../../../avr/lib/avr4/memx-const\libc.a(exit.o)
 .comment       0x000000000000002f       0x30 c:/program files/microchip/xc8/v2.36/avr/bin/../lib/gcc/avr/5.4.0/../../../../avr/lib/avr4/memx-const\libc.a(_Exit.o)

.stack.descriptors.hdr
                0x0000000000000000       0x1c
 .stack.descriptors.hdr
                0x0000000000000000        0xe c:/program files/microchip/xc8/v2.36/avr/bin/../lib/gcc/avr/5.4.0/avr4/memx-const\libgcc.a(_umulhisi3.o)
 .stack.descriptors.hdr
                0x000000000000000e        0xe c:/program files/microchip/xc8/v2.36/avr/bin/../lib/gcc/avr/5.4.0/avr4/memx-const\libgcc.a(_exit.o)

.note.GNU-stack
                0x0000000000000000        0x0
 .note.GNU-stack
                0x0000000000000000        0x0 c:/program files/microchip/xc8/v2.36/avr/bin/../lib/gcc/avr/5.4.0/../../../../avr/lib/avr4/memx-const\libc.a(exit.o)
 .note.GNU-stack
                0x0000000000000000        0x0 c:/program files/microchip/xc8/v2.36/avr/bin/../lib/gcc/avr/5.4.0/../../../../avr/lib/avr4/memx-const\libc.a(_Exit.o)

.note.gnu.build-id
 *(.note.gnu.build-id)

.debug
 *(.debug)

.line
 *(.line)

.debug_srcinfo
 *(.debug_srcinfo)

.debug_sfnames
 *(.debug_sfnames)

.debug_aranges  0x0000000000000000      0x158
 *(.debug_aranges)
 .debug_aranges
                0x0000000000000000       0x50 i2c.o
 .debug_aranges
                0x0000000000000050       0x48 main.o
 .debug_aranges
                0x0000000000000098       0xc0 SSD1306.o

.debug_pubnames
 *(.debug_pubnames)

.debug_info     0x0000000000000000     0x250d
 *(.debug_info .gnu.linkonce.wi.*)
 .debug_info    0x0000000000000000      0x48c C:/Program Files (x86)/Atmel/Studio/7.0/Packs/atmel/ATmega_DFP/2.1.506/xc8/avr/lib/avr4/memx-const/crtatmega8a.o
 .debug_info    0x000000000000048c      0x422 i2c.o
 .debug_info    0x00000000000008ae      0x933 main.o
 .debug_info    0x00000000000011e1     0x132c SSD1306.o

.debug_abbrev   0x0000000000000000      0x8dd
 *(.debug_abbrev)
 .debug_abbrev  0x0000000000000000      0x44e C:/Program Files (x86)/Atmel/Studio/7.0/Packs/atmel/ATmega_DFP/2.1.506/xc8/avr/lib/avr4/memx-const/crtatmega8a.o
 .debug_abbrev  0x000000000000044e       0xa9 i2c.o
 .debug_abbrev  0x00000000000004f7      0x1df main.o
 .debug_abbrev  0x00000000000006d6      0x207 SSD1306.o

.debug_line     0x0000000000000000      0xd12
 *(.debug_line .debug_line.* .debug_line_end)
 .debug_line    0x0000000000000000      0x10d C:/Program Files (x86)/Atmel/Studio/7.0/Packs/atmel/ATmega_DFP/2.1.506/xc8/avr/lib/avr4/memx-const/crtatmega8a.o
 .debug_line    0x000000000000010d      0x223 i2c.o
 .debug_line    0x0000000000000330      0x2ef main.o
 .debug_line    0x000000000000061f      0x6f3 SSD1306.o

.debug_frame    0x0000000000000000      0x4f0
 *(.debug_frame)
 .debug_frame   0x0000000000000000       0x84 i2c.o
 .debug_frame   0x0000000000000084      0x148 main.o
 .debug_frame   0x00000000000001cc      0x324 SSD1306.o

.debug_str      0x0000000000000000      0x28f
 *(.debug_str)
 .debug_str     0x0000000000000000      0x17a C:/Program Files (x86)/Atmel/Studio/7.0/Packs/atmel/ATmega_DFP/2.1.506/xc8/avr/lib/avr4/memx-const/crtatmega8a.o
 .debug_str     0x000000000000017a        0x7 i2c.o
 .debug_str     0x0000000000000181       0x70 main.o
 .debug_str     0x00000000000001f1       0x9e SSD1306.o

.debug_loc      0x0000000000000000     0x13db
 *(.debug_loc)
 .debug_loc     0x0000000000000000      0x191 i2c.o
 .debug_loc     0x0000000000000191      0x4db main.o
 .debug_loc     0x000000000000066c      0xd6f SSD1306.o

.debug_macinfo
 *(.debug_macinfo)

.debug_weaknames
 *(.debug_weaknames)

.debug_funcnames
 *(.debug_funcnames)

.debug_typenames
 *(.debug_typenames)

.debug_varnames
 *(.debug_varnames)

.debug_pubtypes
 *(.debug_pubtypes)

.debug_ranges   0x0000000000000000      0x158
 *(.debug_ranges)
 .debug_ranges  0x0000000000000000       0x40 i2c.o
 .debug_ranges  0x0000000000000040       0x50 main.o
 .debug_ranges  0x0000000000000090       0xc8 SSD1306.o

.debug_macro
 *(.debug_macro)
OUTPUT(OLEDTimer.elf elf32-avr)
LOAD linker stubs
LOAD data_init

.note.gnu.avr.deviceinfo
                0x0000000000000000       0x3c
 .note.gnu.avr.deviceinfo
                0x0000000000000000       0x3c C:/Program Files (x86)/Atmel/Studio/7.0/Packs/atmel/ATmega_DFP/2.1.506/xc8/avr/lib/avr4/memx-const/crtatmega8a.o

.bss.masterMode
                0x000000000080006a        0x1
 .bss.masterMode
                0x000000000080006a        0x1 i2c.o

.bss.Xposition.2335
                0x000000000080006b        0x1
 .bss.Xposition.2335
                0x000000000080006b        0x1 SSD1306.o

.progmemx.data.EmptyBattery
                0x0000000000000088      0x2d8
 .progmemx.data.EmptyBattery
                0x0000000000000088      0x2d8 main.o
                0x0000000000000088                EmptyBattery

.progmemx.data.RazTimer
                0x0000000000000360      0x1da
 .progmemx.data.RazTimer
                0x0000000000000360      0x1da main.o
                0x0000000000000360                RazTimer

.progmemx.data.SevenSegments11x19
                0x000000000000053a      0x16b
 .progmemx.data.SevenSegments11x19
                0x000000000000053a      0x16b main.o
                0x000000000000053a                SevenSegments11x19

.progmemx.data.Big_Tooth
                0x00000000000006a5       0xc2
 .progmemx.data.Big_Tooth
                0x00000000000006a5       0xc2 main.o
                0x00000000000006a5                Big_Tooth

.text.main      0x0000000000000768      0x182
 .text.main     0x0000000000000768      0x182 main.o
                0x0000000000000768                main

.text.OLED_WriteChar
                0x00000000000008ea      0x120
 .text.OLED_WriteChar
                0x00000000000008ea      0x120 SSD1306.o
                0x00000000000008ea                OLED_WriteChar

.text.OLED_WriteNumber
                0x0000000000000a0a       0xec
 .text.OLED_WriteNumber
                0x0000000000000a0a       0xec SSD1306.o
                0x0000000000000a0a                OLED_WriteNumber

.text.OLED_WriteTwoDigitNumber
                0x0000000000000af6       0xa8
 .text.OLED_WriteTwoDigitNumber
                0x0000000000000af6       0xa8 SSD1306.o
                0x0000000000000af6                OLED_WriteTwoDigitNumber

.text.OLED_DrawBitmapRLE
                0x0000000000000b9e       0x9c
 .text.OLED_DrawBitmapRLE
                0x0000000000000b9e       0x9c SSD1306.o
                0x0000000000000b9e                OLED_DrawBitmapRLE

.text.__vector_14
                0x0000000000000c3a       0x76
 .text.__vector_14
                0x0000000000000c3a       0x76 main.o
                0x0000000000000c3a                __vector_14

.text.PlayBuzzer
                0x0000000000000cb0       0x6c
 .text.PlayBuzzer
                0x0000000000000cb0       0x6c main.o
                0x0000000000000cb0                PlayBuzzer

.text.OLED_Init
                0x0000000000000d1c       0x6a
 .text.OLED_Init
                0x0000000000000d1c       0x6a SSD1306.o
                0x0000000000000d1c                OLED_Init

.text.OLED_Clear
                0x0000000000000d86       0x5e
 .text.OLED_Clear
                0x0000000000000d86       0x5e SSD1306.o
                0x0000000000000d86                OLED_Clear

.text.__vector_16
                0x0000000000000de4       0x5c
 .text.__vector_16
                0x0000000000000de4       0x5c main.o
                0x0000000000000de4                __vector_16

.text.i2c_tx_address
                0x0000000000000e40       0x48
 .text.i2c_tx_address
                0x0000000000000e40       0x48 i2c.o
                0x0000000000000e40                i2c_tx_address

.text.OLED_SetCursor
                0x0000000000000e88       0x3e
 .text.OLED_SetCursor
                0x0000000000000e88       0x3e SSD1306.o
                0x0000000000000e88                OLED_SetCursor

.text.TimerFinished
                0x0000000000000ec6       0x2a
 .text.TimerFinished
                0x0000000000000ec6       0x2a main.o
                0x0000000000000ec6                TimerFinished

.text.i2c_tx_start
                0x0000000000000ef0       0x24
 .text.i2c_tx_start
                0x0000000000000ef0       0x24 i2c.o
                0x0000000000000ef0                i2c_tx_start

.text.i2c_tx_byte
                0x0000000000000f14       0x1e
 .text.i2c_tx_byte
                0x0000000000000f14       0x1e i2c.o
                0x0000000000000f14                i2c_tx_byte

.text.WaitForStartButton
                0x0000000000000f32       0x1c
 .text.WaitForStartButton
                0x0000000000000f32       0x1c main.o
                0x0000000000000f32                WaitForStartButton

.text.libgcc.mul
                0x0000000000000f4e       0x18
 .text.libgcc.mul
                0x0000000000000f4e       0x18 c:/program files/microchip/xc8/v2.36/avr/bin/../lib/gcc/avr/5.4.0/avr4/memx-const\libgcc.a(_umulhisi3.o)
                0x0000000000000f4e                __umulhisi3

.text.oledSendCommand
                0x0000000000000f66       0x16
 .text.oledSendCommand
                0x0000000000000f66       0x16 SSD1306.o
                0x0000000000000f66                oledSendCommand

.text.oledSendStart
                0x0000000000000f7c       0x10
 .text.oledSendStart
                0x0000000000000f7c       0x10 SSD1306.o
                0x0000000000000f7c                oledSendStart

.text.i2c_tx_stop
                0x0000000000000f8c        0xe
 .text.i2c_tx_stop
                0x0000000000000f8c        0xe i2c.o
                0x0000000000000f8c                i2c_tx_stop

.text.exit      0x0000000000000f9a        0xe
 .text.exit     0x0000000000000f9a        0xe c:/program files/microchip/xc8/v2.36/avr/bin/../lib/gcc/avr/5.4.0/../../../../avr/lib/avr4/memx-const\libc.a(exit.o)
                0x0000000000000f9a                exit

.text.i2c_init  0x0000000000000fa8        0xc
 .text.i2c_init
                0x0000000000000fa8        0xc i2c.o
                0x0000000000000fa8                i2c_init

.text.oledSendStop
                0x0000000000000fb4        0x4
 .text.oledSendStop
                0x0000000000000fb4        0x4 SSD1306.o
                0x0000000000000fb4                oledSendStop

.text.oledSendByte
                0x0000000000000fb8        0x4
 .text.oledSendByte
                0x0000000000000fb8        0x4 SSD1306.o
                0x0000000000000fb8                oledSendByte

.text           0x0000000000000fbc        0x2
 .text          0x0000000000000fbc        0x2 C:/Program Files (x86)/Atmel/Studio/7.0/Packs/atmel/ATmega_DFP/2.1.506/xc8/avr/lib/avr4/memx-const/crtatmega8a.o
                0x0000000000000fbc                __vector_1
                0x0000000000000fbc                __vector_12
                0x0000000000000fbc                __bad_interrupt
                0x0000000000000fbc                __vector_6
                0x0000000000000fbc                __vector_3
                0x0000000000000fbc                __vector_11
                0x0000000000000fbc                __vector_13
                0x0000000000000fbc                __vector_17
                0x0000000000000fbc                __vector_7
                0x0000000000000fbc                __vector_5
                0x0000000000000fbc                __vector_4
                0x0000000000000fbc                __vector_9
                0x0000000000000fbc                __vector_2
                0x0000000000000fbc                __vector_15
                0x0000000000000fbc                __vector_8
                0x0000000000000fbc                __vector_10
                0x0000000000000fbc                __vector_18

.text.__dummy_fini
                0x0000000000000fbe        0x2
 .text.__dummy_fini
                0x0000000000000fbe        0x2 c:/program files/microchip/xc8/v2.36/avr/bin/../lib/gcc/avr/5.4.0/../../../../avr/lib/avr4/memx-const\libc.a(exit.o)
                0x0000000000000fbe                _fini

.text.__dummy_funcs_on_exit
                0x0000000000000fc0        0x2
 .text.__dummy_funcs_on_exit
                0x0000000000000fc0        0x2 c:/program files/microchip/xc8/v2.36/avr/bin/../lib/gcc/avr/5.4.0/../../../../avr/lib/avr4/memx-const\libc.a(exit.o)
                0x0000000000000fc0                __funcs_on_exit

.text.__dummy_simulator_exit
                0x0000000000000fc2        0x2
 .text.__dummy_simulator_exit
                0x0000000000000fc2        0x2 c:/program files/microchip/xc8/v2.36/avr/bin/../lib/gcc/avr/5.4.0/../../../../avr/lib/avr4/memx-const\libc.a(exit.o)
                0x0000000000000fc2                __simulator_exit

.text._Exit     0x0000000000000fc4        0x2
 .text._Exit    0x0000000000000fc4        0x2 c:/program files/microchip/xc8/v2.36/avr/bin/../lib/gcc/avr/5.4.0/../../../../avr/lib/avr4/memx-const\libc.a(_Exit.o)
                0x0000000000000fc4                _Exit

.data.SevenSegments_struc
                0x0000000000800064        0x6 load address 0x0000000000000fc6
 .data.SevenSegments_struc
                0x0000000000800064        0x6 main.o
                0x0000000000800064                SevenSegments_struc
